........................................................................................................................................................................................................................................................ath_gmac_enet_initialize: reset mask:c02200 
Scorpion  ----> S17 PHY *
athrs17_reg_init: complete
: cfg1 0x80000000 cfg2 0x7114
eth0: ba:be:fa:ce:08:41
eth0 up
athrs17_reg_init_wan done
SGMII in forced mode
athr_gmac_sgmii_setup SGMII done
: cfg1 0x800c0000 cfg2 0x7214
eth1: ba:be:fa:ce:08:41
eth1 up
eth0, eth1
Setting 0x18116290 to 0x58b1a14f
Autobooting in 1 seconds
## Booting image at 9f020000 ...
   Uncompressing Kernel Image ... OK

Starting kernel ...

Booting QCA955x
.
Linux version 2.6.31--LSDK-9.2.0_U6.616 (tplink@localhost.localdomain) (gcc version 4.3.3 (GCC) ) #1 Wed Sep 25 08:47:13 CST 2013
Ram size passed from bootloader =64M
flash_size passed from bootloader = 8
CPU revision is: 00019750 (MIPS 74Kc)
cpu apb ddr apb ath_sys_frequency: cpu 720 ddr 600 ahb 200
Determined physical RAM map:
 memory: 04000000 @ 00000000 (usable)
Zone PFN ranges:
  Normal   0x00000000 -> 0x00004000
Movable zone start PFN for each node
early_node_map[1] active PFN ranges
    0: 0x00000000 -> 0x00004000
Built 1 zonelists in Zone order, mobility grouping on.  Total pages: 16256
Kernel command line: console=ttyS0,115200 root=31:02 rootfstype=squashfs init=/sbin/init mtdparts=ath-nor0:128k(u-boot),1024k(kernel),6912k(rootfs),64k(config),64k(ART) mem=128M
PID hash table entries: 256 (order: 8, 1024 bytes)
Dentry cache hash table entries: 8192 (order: 3, 32768 bytes)
Inode-cache hash table entries: 4096 (order: 2, 16384 bytes)
Primary instruction cache 64kB, VIPT, 4-way, linesize 32 bytes.
Primary data cache 32kB, 4-way, VIPT, cache aliases, linesize 32 bytes
Writing ErrCtl register=00000000
Readback ErrCtl register=00000000
Memory: 48016k/65536k available (1876k kernel code, 17452k reserved, 432k data, 120k init, 0k highmem)
NR_IRQS:128
plat_time_init: plat time init done
Calibrating delay loop... 359.42 BogoMIPS (lpj=718848)
Mount-cache hash table entries: 512

****************ALLOC***********************
 Packet mem: 80273440 (0xe00000 bytes)
********************************************

NET: Registered protocol family 16
ath_pcibios_init: bus 0
***** Warning PCIe 0 H/W not found !!!
registering PCI controller with io_map_base unset
ath_pcibios_init: bus 1
***** Warning PCIe 1 H/W not found !!!
registering PCI controller with io_map_base unset
Reset button pressed.
bio: create slab <bio-0> at 0
NET: Registered protocol family 2
IP route cache hash table entries: 1024 (order: 0, 4096 bytes)
TCP established hash table entries: 2048 (order: 2, 16384 bytes)
TCP bind hash table entries: 2048 (order: 1, 8192 bytes)
TCP: Hash tables configured (established 2048 bind 2048)
TCP reno registered
NET: Registered protocol family 1
ATH GPIOC major 0
squashfs: version 4.0 (2009/01/31) Phillip Lougher
msgmni has been set to 93
Block layer SCSI generic (bsg) driver version 0.4 loaded (major 254)
io scheduler noop registered
io scheduler deadline registered (default)
Serial: 8250/16550 driver, 1 ports, IRQ sharing disabled
serial8250.0: ttyS0 at MMIO 0xb8020000 (irq = 19) is a 16550A
console [ttyS0] enabled
PPP generic driver version 2.4.2
NET: Registered protocol family 24
5 cmdlinepart partitions found on MTD device ath-nor0
Creating 5 MTD partitions on "ath-nor0":
0x000000000000-0x000000020000 : "u-boot"
0x000000020000-0x000000120000 : "kernel"
0x000000120000-0x0000007e0000 : "rootfs"
0x0000007e0000-0x0000007f0000 : "config"
0x0000007f0000-0x000000800000 : "ART"
->Oops: flash id 0xef4017 . 
Ooops, why the devices couldn't been initialed?
TCP cubic registered
NET: Registered protocol family 10
NET: Registered protocol family 17
802.1Q VLAN Support v1.8 Ben Greear <greearb@candelatech.com>
All bugs added by David S. Miller <davem@redhat.com>
athwdt_init: Registering WDT success
ath_otp_init: Registering OTP success
VFS: Mounted root (squashfs filesystem) readonly on device 31:2.
Freeing unused kernel memory: 120k freed

init started:  BusyBox v1.01 (2013.09.25-00:52+0000) multi-call binary
This Board use 2.6.31
xt_time: kernel timezone is -0000
nf_conntrack version 0.5.0 (1024 buckets, 8192 max)
CONFIG_NF_CT_ACCT is deprecated and will be removed soon. Please use
nf_conntrack.acct=1 kernel parameter, acct=1 nf_conntrack module option or
sysctl net.netfilter.nf_conntrack_acct=1 to enable it.
ip_tables: (C) 2000-2006 Netfilter Core Team
insmod: cannot open module `/lib/modules/2.6.31/kernel/iptable_raw.ko': No such file or directory
insmod: cannot open module `/lib/modules/2.6.31/kernel/flashid.ko': No such file or directory
PPPoL2TP kernel driver, V1.0
PPTP driver version 0.8.3
insmod: cannot open module `/lib/modules/2.6.31/kernel/harmony.ko': No such file or directory

 (none) mips #1 Wed Sep 25 08:47:13 CST 2013 (none)

(none) login: qca955x_GMAC: Length per segment 1536
955x_GMAC: qca955x_gmac_attach
955x_GMAC: qca955x_set_gmac_caps
Currently in polling mode unit1
mac:1 Registering S17....
qca955x_GMAC: RX TASKLET - Pkts per Intr:200
qca955x_GMAC: Max segments per packet :   1
qca955x_GMAC: Max tx descriptor count :   220
qca955x_GMAC: Max rx descriptor count :   220
qca955x_GMAC: Mac capability flags    :   12002200
955x_GMAC: qca955x_gmac_attach
955x_GMAC: qca955x_set_gmac_caps
Currently in polling mode unit0
mac:0 Registering S17....
qca955x_GMAC: RX TASKLET - Pkts per Intr:200
qca955x_GMAC: Max segments per packet :   1
qca955x_GMAC: Max tx descriptor count :   220
qca955x_GMAC: Max rx descriptor count :   220
qca955x_GMAC: Mac capability flags    :   10002A00
955x_GMAC: Serdes PLL is locked value 0x1f038116
athr_gmac_ring_alloc Allocated 3520 at 0x83945000
athr_gmac_ring_alloc Allocated 3520 at 0x83a9b000
955x_GMAC: eth1 in SGMII MODE
Scorpion -----> S17 PHY
ttl zero adding rule #0
ACL is not yet enabled. Enabling... 
ttl one adding rule #1
UDP checksum 0 adding rule #3
Hello, nat helper module for 1.08!
netlink_kernel_create succeeded at tp_rule_nl_prot: [29]

######## S17 SSDK init succeeded! ########
Creating proc entries for athrs17 done 
_athrs17_mac0_intf SGMII done
athrs17_reg_init:done
955x_SGMII::athr_gmac_sgmii_setup  Done
Setting Drop CRC Errors, Pause Frames and Length Error frames 
Setting PHY...
Phy setup Complete
ADDRCONF(NETDEV_UP): eth0: link is not ready
device eth0.1 entered promiscuous mode
device eth0 entered promiscuous mode
SET INTF MAC 0:e8-de-27-52-f1-62
SET INTF MAC 1:e8-de-27-52-f1-63
br0: port 1(eth0.1) entering forwarding state
Adding ACL rules 2 - wan to lan, dst ip is lan net
nf_conntrack_rtsp v0.6.21 loading
nf_nat_rtsp v0.6.21 loading
adf: module license 'Proprietary' taints kernel.
Disabling lock debugging due to kernel taint
ath_hal: 0.9.17.1 (AR5416, AR9380, REGOPS_FUNC, WRITE_EEPROM, 11D)
ath_rate_atheros: Copyright (c) 2001-2005 Atheros Communications, Inc, All Rights Reserved
ath_dfs: Version 2.0.0
Copyright (c) 2005-2006 Atheros Communications, Inc. All Rights Reserved
ath_dev: Copyright (c) 2001-2007 Atheros Communications, Inc, All Rights Reserved
ath_ahb: 9.5.1.8 (Atheros/multi-bss)
Enterprise mode: 0x53fc0000
Restoring Cal data from Flash
ath_get_caps[5790] rx chainmask mismatch actual 7 sc_chainmak 0
ath_get_caps[5765] tx chainmask mismatch actual 7 sc_chainmak 0
SC Callback Registration for wifi0
wifi0: Atheros ???: mem=0xb8100000, irq=2
dfs is NULL dfs_init_radar_filters
VAP device ath0 created 
 
 DES SSID SET=TP-LINK_Tester 
 ieee80211_ioctl_siwmode: imr.ifm_active=131712, new mode=3, valid=1 
NF Cal completed
NF Cal completed
Channel 1 average beacon RSSI 0 noisefloor -105  ieee80211_acs_find_best_11ng_centerchan chan: 1 beacon RSSI + weighted noisefloor: -210
Channel 6 average beacon RSSI 0 noisefloor -104  ieee80211_acs_find_best_11ng_centerchan chan: 6 beacon RSSI + weighted noisefloor: -208
Channel 6 average beacon RSSI 0 noisefloor -104  ieee80211_acs_find_best_11ng_centerchan chan: 6 beacon RSSI + weighted noisefloor: -208
Channel 11 average beacon RSSI 8 noisefloor -105  ieee80211_acs_find_best_11ng_centerchan chan: 11 beacon RSSI + weighted noisefloor: -202
ieee80211_acs_find_best_11ng_centerchan found best 11ng center chan: 1 rssi: -210
NF Cal completed
device ath0 entered promiscuous mode
br0: port 2(ath0) entering forwarding state
 ieee80211_ioctl_siwmode: imr.ifm_active=918144, new mode=3, valid=1 
br0: port 2(ath0) entering disabled state
 DEVICE IS DOWN ifname=ath0
 DEVICE IS DOWN ifname=ath0
br0: port 2(ath0) entering forwarding state
br0: port 2(ath0) entering disabled state
br0: starting userspace STP failed, starting kernel STP
br0: topology change detected, propagating
br0: port 2(ath0) entering forwarding state
fuse init (API version 7.12)
usbcore: registered new interface driver usbfs
usbcore: registered new interface driver hub
usbcore: registered new device driver usb
ehci_hcd: USB 2.0 'Enhanced' Host Controller (EHCI) Driver
Port Status 1c000004 
ath-ehci ath-ehci.0: ATH EHCI
ath-ehci ath-ehci.0: new USB bus registered, assigned bus number 1
ehci_reset Intialize USB CONTROLLER in host mode: 13
ehci_reset Port Status 1c000000 
ath-ehci ath-ehci.0: irq 3, io mem 0x1b000000
ehci_reset Intialize USB CONTROLLER in host mode: 13
ehci_reset Port Status 1c000000 
ath-ehci ath-ehci.0: USB 2.0 started, EHCI 1.00
usb usb1: configuration #1 chosen from 1 choice
hub 1-0:1.0: USB hub found
hub 1-0:1.0: 1 port detected
Port Status 1c000000 
ath-ehci1 ath-ehci1.1: ATH EHCI
ath-ehci1 ath-ehci1.1: new USB bus registered, assigned bus number 2
ehci_reset Intialize USB CONTROLLER in host mode: 13
ehci_reset Port Status 1c000000 
ath-ehci1 ath-ehci1.1: irq 3, io mem 0x1b400000
ehci_reset Intialize USB CONTROLLER in host mode: 13
ehci_reset Port Status 1c000000 
ath-ehci1 ath-ehci1.1: USB 2.0 started, EHCI 1.00
usb usb2: configuration #1 chosen from 1 choice
hub 2-0:1.0: USB hub found
hub 2-0:1.0: 1 port detected
SCSI subsystem initialized
Initializing USB Mass Storage driver...
usbcore: registered new interface driver usb-storage
USB Mass Storage support registered.
====>>>>
######send req to media server: 2
 
kcg 323 :GPL NetUSB up!
kc   90 : run_telnetDBGDServer start 
kc  227 : init_DebugD end
INFO17B7: NetUSB 1.02.34, 0002061F : Feb 25 2013 10:12:27
INFO17B9:  AUTH ISOC
INFO17BA:  filterAudio
usbcore: registered new interface driver KC NetUSB General Driver
INFO011A:  init proc : PAGE_SIZE 4096
INFO1819: Check mac address
INFO168B:  infomap 82fcceac 
INFO168E:  sleep to wait br0 to wake up
INFO02D0:  use dev Name br0 
INFO1697:  sleep to wait br0 end.
INFO16B0:  UDP_BROAD 7437 tcpPort:625868800 
INFO02D0:  use dev Name br0 
INFO1597: tcpConnector() started...
INFO1474: Bind to br0
INFO02D0:  use dev Name br0 
<3>NERR03CD: NU VM     : ks_gethostbyname get ip failed
INFO172B: connect server failed

 TL-WR1043 mips #1 Wed Sep 25 08:47:13 CST 2013 (none)

TL-WR1043 login: 
 TL-WR1043 mips #1 Wed Sep 25 08:47:13 CST 2013 (none)

TL-WR1043 login: INFO02D0:  use dev Name br0 
<3>NERR03CD: NU VM     : ks_gethostbyname get ip failed
INFO172B: connect server failed
.

U-Boot 1.1.4 (Sep 25 2013 - 08:43:53)

ap135 - Scorpion 1.0DRAM:  
sri
Scorpion 1.0
ath_ddr_initial_config(178): (16bit) ddr2 init
tap = 0x00000003
Tap (low, high) = (0x0, 0x1d)
Tap values = (0xe, 0xe, 0xe, 0xe)
64 MB
Flash Manuf Id 0xef, DeviceId0 0x40, DeviceId1 0x17
flash size 8MB, sector count = 128
Flash:  8 MB
Using default environment

*** Warning *** : PCIe WLAN Module not found !!!
*** Warning *** : PCIe WLAN Module not found !!!
In:    serial
Out:   serial
Err:   serial
Net:   ath_gmac_enet_initialize...
athrs_sgmii_res_cal: cal value = 0xe
No valid address in Flash. Using fixed address
No valid address in Flash. Using fixed address
ath_gmac_enet_initialize: reset mask:c02200 
Scorpion  ----> S17 PHY *
athrs17_reg_init: complete
: cfg1 0x80000000 cfg2 0x7114
eth0: ba:be:fa:ce:08:41
eth0 up
athrs17_reg_init_wan done
SGMII in forced mode
athr_gmac_sgmii_setup SGMII done
: cfg1 0x800c0000 cfg2 0x7214
eth1: ba:be:fa:ce:08:41
eth1 up
eth0, eth1
Setting 0x18116290 to 0x58b1a14f
Autobooting in 1 seconds
## Booting image at 9f020000 ...
   Uncompressing Kernel Image ... OK

Starting kernel ...

Booting QCA955x
.
Linux version 2.6.31--LSDK-9.2.0_U6.616 (tplink@localhost.localdomain) (gcc version 4.3.3 (GCC) ) #1 Wed Sep 25 08:47:13 CST 2013
Ram size passed from bootloader =64M
flash_size passed from bootloader = 8
CPU revision is: 00019750 (MIPS 74Kc)
cpu apb ddr apb ath_sys_frequency: cpu 720 ddr 600 ahb 200
Determined physical RAM map:
 memory: 04000000 @ 00000000 (usable)
Zone PFN ranges:
  Normal   0x00000000 -> 0x00004000
Movable zone start PFN for each node
early_node_map[1] active PFN ranges
    0: 0x00000000 -> 0x00004000
Built 1 zonelists in Zone order, mobility grouping on.  Total pages: 16256
Kernel command line: console=ttyS0,115200 root=31:02 rootfstype=squashfs init=/sbin/init mtdparts=ath-nor0:128k(u-boot),1024k(kernel),6912k(rootfs),64k(config),64k(ART) mem=128M
PID hash table entries: 256 (order: 8, 1024 bytes)
Dentry cache hash table entries: 8192 (order: 3, 32768 bytes)
Inode-cache hash table entries: 4096 (order: 2, 16384 bytes)
Primary instruction cache 64kB, VIPT, 4-way, linesize 32 bytes.
Primary data cache 32kB, 4-way, VIPT, cache aliases, linesize 32 bytes
Writing ErrCtl register=00000000
Readback ErrCtl register=00000000
Memory: 48016k/65536k available (1876k kernel code, 17452k reserved, 432k data, 120k init, 0k highmem)
NR_IRQS:128
plat_time_init: plat time init done
Calibrating delay loop... 359.42 BogoMIPS (lpj=718848)
Mount-cache hash table entries: 512

****************ALLOC***********************
 Packet mem: 80273440 (0xe00000 bytes)
********************************************

NET: Registered protocol family 16
ath_pcibios_init: bus 0
***** Warning PCIe 0 H/W not found !!!
registering PCI controller with io_map_base unset
ath_pcibios_init: bus 1
***** Warning PCIe 1 H/W not found !!!
registering PCI controller with io_map_base unset
Reset button pressed.
bio: create slab <bio-0> at 0
NET: Registered protocol family 2
IP route cache hash table entries: 1024 (order: 0, 4096 bytes)
TCP established hash table entries: 2048 (order: 2, 16384 bytes)
TCP bind hash table entries: 2048 (order: 1, 8192 bytes)
TCP: Hash tables configured (established 2048 bind 2048)
TCP reno registered
NET: Registered protocol family 1
ATH GPIOC major 0
squashfs: version 4.0 (2009/01/31) Phillip Lougher
msgmni has been set to 93
Block layer SCSI generic (bsg) driver version 0.4 loaded (major 254)
io scheduler noop registered
io scheduler deadline registered (default)
Serial: 8250/16550 driver, 1 ports, IRQ sharing disabled
serial8250.0: ttyS0 at MMIO 0xb8020000 (irq = 19) is a 16550A
console [ttyS0] enabled
PPP generic driver version 2.4.2
NET: Registered protocol family 24
5 cmdlinepart partitions found on MTD device ath-nor0
Creating 5 MTD partitions on "ath-nor0":
0x000000000000-0x000000020000 : "u-boot"
0x000000020000-0x000000120000 : "kernel"
0x000000120000-0x0000007e0000 : "rootfs"
0x0000007e0000-0x0000007f0000 : "config"
0x0000007f0000-0x000000800000 : "ART"
->Oops: flash id 0xef4017 . 
Ooops, why the devices couldn't been initialed?
TCP cubic registered
NET: Registered protocol family 10
NET: Registered protocol family 17
802.1Q VLAN Support v1.8 Ben Greear <greearb@candelatech.com>
All bugs added by David S. Miller <davem@redhat.com>
athwdt_init: Registering WDT success
ath_otp_init: Registering OTP success
VFS: Mounted root (squashfs filesystem) readonly on device 31:2.
Freeing unused kernel memory: 120k freed

init started:  BusyBox v1.01 (2013.09.25-00:52+0000) multi-call binary
This Board use 2.6.31
xt_time: kernel timezone is -0000
nf_conntrack version 0.5.0 (1024 buckets, 8192 max)
CONFIG_NF_CT_ACCT is deprecated and will be removed soon. Please use
nf_conntrack.acct=1 kernel parameter, acct=1 nf_conntrack module option or
sysctl net.netfilter.nf_conntrack_acct=1 to enable it.
ip_tables: (C) 2000-2006 Netfilter Core Team
insmod: cannot open module `/lib/modules/2.6.31/kernel/iptable_raw.ko': No such file or directory
insmod: cannot open module `/lib/modules/2.6.31/kernel/flashid.ko': No such file or directory
PPPoL2TP kernel driver, V1.0
PPTP driver version 0.8.3
insmod: cannot open module `/lib/modules/2.6.31/kernel/harmony.ko': No such file or directory

 (none) mips #1 Wed Sep 25 08:47:13 CST 2013 (none)

(none) login: qca955x_GMAC: Length per segment 1536
955x_GMAC: qca955x_gmac_attach
955x_GMAC: qca955x_set_gmac_caps
Currently in polling mode unit1
mac:1 Registering S17....
qca955x_GMAC: RX TASKLET - Pkts per Intr:200
qca955x_GMAC: Max segments per packet :   1
qca955x_GMAC: Max tx descriptor count :   220
qca955x_GMAC: Max rx descriptor count :   220
qca955x_GMAC: Mac capability flags    :   12002200
955x_GMAC: qca955x_gmac_attach
955x_GMAC: qca955x_set_gmac_caps
Currently in polling mode unit0
mac:0 Registering S17....
qca955x_GMAC: RX TASKLET - Pkts per Intr:200
qca955x_GMAC: Max segments per packet :   1
qca955x_GMAC: Max tx descriptor count :   220
qca955x_GMAC: Max rx descriptor count :   220
qca955x_GMAC: Mac capability flags    :   10002A00
955x_GMAC: Serdes PLL is locked value 0x1f038116
athr_gmac_ring_alloc Allocated 3520 at 0x83945000
athr_gmac_ring_alloc Allocated 3520 at 0x83a94000
955x_GMAC: eth1 in SGMII MODE
Scorpion -----> S17 PHY
ttl zero adding rule #0
ACL is not yet enabled. Enabling... 
ttl one adding rule #1
UDP checksum 0 adding rule #3
Hello, nat helper module for 1.08!
netlink_kernel_create succeeded at tp_rule_nl_prot: [29]

######## S17 SSDK init succeeded! ########
Creating proc entries for athrs17 done 
_athrs17_mac0_intf SGMII done
athrs17_reg_init:done
955x_SGMII::athr_gmac_sgmii_setup  Done
Setting Drop CRC Errors, Pause Frames and Length Error frames 
Setting PHY...
Phy setup Complete
ADDRCONF(NETDEV_UP): eth0: link is not ready
device eth0.1 entered promiscuous mode
device eth0 entered promiscuous mode
SET INTF MAC 0:e8-de-27-52-f1-62
SET INTF MAC 1:e8-de-27-52-f1-63
br0: port 1(eth0.1) entering forwarding state
Adding ACL rules 2 - wan to lan, dst ip is lan net
nf_conntrack_rtsp v0.6.21 loading
nf_nat_rtsp v0.6.21 loading
adf: module license 'Proprietary' taints kernel.
Disabling lock debugging due to kernel taint
ath_hal: 0.9.17.1 (AR5416, AR9380, REGOPS_FUNC, WRITE_EEPROM, 11D)
ath_rate_atheros: Copyright (c) 2001-2005 Atheros Communications, Inc, All Rights Reserved
ath_dfs: Version 2.0.0
Copyright (c) 2005-2006 Atheros Communications, Inc. All Rights Reserved
ath_dev: Copyright (c) 2001-2007 Atheros Communications, Inc, All Rights Reserved
ath_ahb: 9.5.1.8 (Atheros/multi-bss)
Enterprise mode: 0x53fc0000
Restoring Cal data from Flash
ath_get_caps[5790] rx chainmask mismatch actual 7 sc_chainmak 0
ath_get_caps[5765] tx chainmask mismatch actual 7 sc_chainmak 0
SC Callback Registration for wifi0
wifi0: Atheros ???: mem=0xb8100000, irq=2
dfs is NULL dfs_init_radar_filters
VAP device ath0 created 
 
 DES SSID SET=TP-LINK_Tester 
 ieee80211_ioctl_siwmode: imr.ifm_active=131712, new mode=3, valid=1 
NF Cal completed
NF Cal completed
Channel 1 average beacon RSSI 0 noisefloor -104  ieee80211_acs_find_best_11ng_centerchan chan: 1 beacon RSSI + weighted noisefloor: -208
Channel 6 average beacon RSSI 0 noisefloor -105  ieee80211_acs_find_best_11ng_centerchan chan: 6 beacon RSSI + weighted noisefloor: -210
Channel 6 average beacon RSSI 0 noisefloor -105  ieee80211_acs_find_best_11ng_centerchan chan: 6 beacon RSSI + weighted noisefloor: -210
Channel 11 average beacon RSSI 6 noisefloor -105  ieee80211_acs_find_best_11ng_centerchan chan: 11 beacon RSSI + weighted noisefloor: -204
ieee80211_acs_find_best_11ng_centerchan found best 11ng center chan: 6 rssi: -210
NF Cal completed
device ath0 entered promiscuous mode
br0: port 2(ath0) entering forwarding state
 ieee80211_ioctl_siwmode: imr.ifm_active=918144, new mode=3, valid=1 
br0: port 2(ath0) entering disabled state
 DEVICE IS DOWN ifname=ath0
 DEVICE IS DOWN ifname=ath0
br0: port 2(ath0) entering forwarding state
br0: port 2(ath0) entering disabled state
br0: starting userspace STP failed, starting kernel STP
br0: topology change detected, propagating
br0: port 2(ath0) entering forwarding state
fuse init (API version 7.12)
usbcore: registered new interface driver usbfs
usbcore: registered new interface driver hub
usbcore: registered new device driver usb
ehci_hcd: USB 2.0 'Enhanced' Host Controller (EHCI) Driver
Port Status 1c000004 
ath-ehci ath-ehci.0: ATH EHCI
ath-ehci ath-ehci.0: new USB bus registered, assigned bus number 1
ehci_reset Intialize USB CONTROLLER in host mode: 13
ehci_reset Port Status 1c000000 
ath-ehci ath-ehci.0: irq 3, io mem 0x1b000000
ehci_reset Intialize USB CONTROLLER in host mode: 13
ehci_reset Port Status 1c000000 
ath-ehci ath-ehci.0: USB 2.0 started, EHCI 1.00
usb usb1: configuration #1 chosen from 1 choice
hub 1-0:1.0: USB hub found
hub 1-0:1.0: 1 port detected
Port Status 1c000000 
ath-ehci1 ath-ehci1.1: ATH EHCI
ath-ehci1 ath-ehci1.1: new USB bus registered, assigned bus number 2
ehci_reset Intialize USB CONTROLLER in host mode: 13
ehci_reset Port Status 1c000000 
ath-ehci1 ath-ehci1.1: irq 3, io mem 0x1b400000
ehci_reset Intialize USB CONTROLLER in host mode: 13
ehci_reset Port Status 1c000000 
ath-ehci1 ath-ehci1.1: USB 2.0 started, EHCI 1.00
usb usb2: configuration #1 chosen from 1 choice
hub 2-0:1.0: USB hub found
hub 2-0:1.0: 1 port detected
SCSI subsystem initialized
Initializing USB Mass Storage driver...
usbcore: registered new interface driver usb-storage
USB Mass Storage support registered.
====>>>>
######send req to media server: 2
 
kcg 323 :GPL NetUSB up!
kc   90 : run_telnetDBGDServer start 
kc  227 : init_DebugD end
INFO17B7: NetUSB 1.02.34, 0002061F : Feb 25 2013 10:12:27
INFO17B9:  AUTH ISOC
INFO17BA:  filterAudio
usbcore: registered new interface driver KC NetUSB General Driver
INFO011A:  init proc : PAGE_SIZE 4096
INFO1819: Check mac address
INFO168B:  infomap 82fcceac 
INFO168E:  sleep to wait br0 to wake up
INFO02D0:  use dev Name br0 
INFO1697:  sleep to wait br0 end.
INFO16B0:  UDP_BROAD 7437 tcpPort:625868800 
INFO02D0:  use dev Name br0 
INFO1597: tcpConnector() started...
INFO1474: Bind to br0
INFO02D0:  use dev Name br0 
<3>NERR03CD: NU VM     : ks_gethostbyname get ip failed
INFO172B: connect server failed
INFO02D0:  use dev Name br0 
<3>NERR03CD: NU VM     : ks_gethostbyname get ip failed
INFO172B: connect server failed

